// Jest Snapshot v1, https://goo.gl/fbAQLP

exports[`renders HomePage unchanged 1`] = `
<div>
  <article
    class="max-w-sm overflow-hidden rounded-lg bg-gray-800"
  >
    <div>
      <div
        class="relative h-full w-full"
        data-testid="carousel"
      >
        <div
          class="flex h-full snap-mandatory overflow-y-hidden overflow-x-scroll scroll-smooth rounded-lg snap-x indiana-scroll-container indiana-scroll-container--hide-scrollbars"
        />
        <div
          class="absolute bottom-5 left-1/2 flex -translate-x-1/2 space-x-3"
        />
        <div
          class="absolute top-0 left-0 flex h-full items-center justify-center px-4 focus:outline-none"
        >
          <button
            class="group"
            data-testid="carousel-left-control"
            type="button"
          >
            <span
              class="inline-flex h-8 w-8 items-center justify-center rounded-full bg-white/30 group-hover:bg-white/50 group-focus:outline-none group-focus:ring-4 group-focus:ring-white dark:bg-gray-800/30 dark:group-hover:bg-gray-800/60 dark:group-focus:ring-gray-800/70 sm:h-10 sm:w-10"
            >
              <svg
                class="h-5 w-5 text-white dark:text-gray-800 sm:h-6 sm:w-6"
                fill="none"
                height="1em"
                stroke="currentColor"
                stroke-width="0"
                viewBox="0 0 24 24"
                width="1em"
                xmlns="http://www.w3.org/2000/svg"
              >
                <path
                  d="M15 19l-7-7 7-7"
                  stroke-linecap="round"
                  stroke-linejoin="round"
                  stroke-width="2"
                />
              </svg>
            </span>
          </button>
        </div>
        <div
          class="absolute top-0 right-0 flex h-full items-center justify-center px-4 focus:outline-none"
        >
          <button
            class="group"
            data-testid="carousel-right-control"
            type="button"
          >
            <span
              class="inline-flex h-8 w-8 items-center justify-center rounded-full bg-white/30 group-hover:bg-white/50 group-focus:outline-none group-focus:ring-4 group-focus:ring-white dark:bg-gray-800/30 dark:group-hover:bg-gray-800/60 dark:group-focus:ring-gray-800/70 sm:h-10 sm:w-10"
            >
              <svg
                class="h-5 w-5 text-white dark:text-gray-800 sm:h-6 sm:w-6"
                fill="none"
                height="1em"
                stroke="currentColor"
                stroke-width="0"
                viewBox="0 0 24 24"
                width="1em"
                xmlns="http://www.w3.org/2000/svg"
              >
                <path
                  d="M9 5l7 7-7 7"
                  stroke-linecap="round"
                  stroke-linejoin="round"
                  stroke-width="2"
                />
              </svg>
            </span>
          </button>
        </div>
      </div>
    </div>
    <div
      class="p-3 antialiased sm:p-4"
    >
      <div
        class="flex items-baseline justify-between text-gray-300"
      >
        <h3
          class="text-sm uppercase tracking-wide"
        >
          xs
        </h3>
        <span
          class="inline-flex items-center px-1 text-xs"
        >
          <span
            class="mr-1 flex-1 whitespace-nowrap"
          >
            X days ago
          </span>
          <svg
            aria-hidden="true"
            class="h-3 w-3"
            fill="none"
            height="1em"
            stroke="currentColor"
            stroke-width="1.5"
            viewBox="0 0 24 24"
            width="1em"
            xmlns="http://www.w3.org/2000/svg"
          >
            <path
              d="M12 6v6h4.5m4.5 0a9 9 0 11-18 0 9 9 0 0118 0z"
              stroke-linecap="round"
              stroke-linejoin="round"
            />
          </svg>
        </span>
      </div>
      <a
        href="post/1"
      >
        <h2
          class="w-64 truncate pt-1 text-xl font-bold tracking-tight"
        >
          test
        </h2>
      </a>
      <div
        class="flex items-center justify-between"
      >
        <span
          class="text-xl font-bold"
        >
          Â£
          123
        </span>
        <span
          class="flex items-center text-sm font-normal text-gray-400"
        >
          <span
            class="mr-1 flex-1 whitespace-nowrap"
          >
            X miles away
          </span>
          <svg
            aria-hidden="true"
            class="h-4 w-4"
            fill="none"
            height="1em"
            stroke="currentColor"
            stroke-width="1.5"
            viewBox="0 0 24 24"
            width="1em"
            xmlns="http://www.w3.org/2000/svg"
          >
            <path
              d="M15 10.5a3 3 0 11-6 0 3 3 0 016 0z"
              stroke-linecap="round"
              stroke-linejoin="round"
            />
            <path
              d="M19.5 10.5c0 7.142-7.5 11.25-7.5 11.25S4.5 17.642 4.5 10.5a7.5 7.5 0 1115 0z"
              stroke-linecap="round"
              stroke-linejoin="round"
            />
          </svg>
        </span>
      </div>
    </div>
  </article>
</div>
`;
