// Jest Snapshot v1, https://goo.gl/fbAQLP

exports[`renders Feed unchanged 1`] = `
<div>
  <div
    class="mb-4 grid grid-cols-1 justify-items-center gap-4 rounded-lg p-4    lg:grid-cols-2 xl:grid-cols-3 2xl:grid-cols-4"
  >
    <article
      class="max-w-sm overflow-hidden rounded-lg bg-gray-800"
    >
      <div>
        <div
          class="relative h-full w-full"
          data-testid="carousel"
        >
          <div
            class="flex h-full snap-mandatory overflow-y-hidden overflow-x-scroll scroll-smooth rounded-lg snap-x indiana-scroll-container indiana-scroll-container--hide-scrollbars"
          >
            <div
              class="w-full flex-shrink-0 transform cursor-grab snap-center"
              data-active="true"
              data-testid="carousel-item"
            >
              <a
                href="post/1"
              >
                <img
                  alt="Intelligent Cotton Soap Image 1"
                  data-nimg="1"
                  decoding="async"
                  height="384"
                  loading="lazy"
                  src="/_next/image?url=https%3A%2F%2Floremflickr.com%2F500%2F500%2Fcats%3Flock%3D5513413790793728&w=828&q=75"
                  srcset="/_next/image?url=https%3A%2F%2Floremflickr.com%2F500%2F500%2Fcats%3Flock%3D5513413790793728&w=384&q=75 1x, /_next/image?url=https%3A%2F%2Floremflickr.com%2F500%2F500%2Fcats%3Flock%3D5513413790793728&w=828&q=75 2x"
                  style="color: transparent;"
                  width="384"
                />
              </a>
            </div>
            <div
              class="w-full flex-shrink-0 transform cursor-grab snap-center"
              data-active="false"
              data-testid="carousel-item"
            >
              <a
                href="post/1"
              >
                <img
                  alt="Intelligent Cotton Soap Image 2"
                  data-nimg="1"
                  decoding="async"
                  height="384"
                  loading="lazy"
                  src="/_next/image?url=https%3A%2F%2Floremflickr.com%2F500%2F500%2Fcats%3Flock%3D7073881248497664&w=828&q=75"
                  srcset="/_next/image?url=https%3A%2F%2Floremflickr.com%2F500%2F500%2Fcats%3Flock%3D7073881248497664&w=384&q=75 1x, /_next/image?url=https%3A%2F%2Floremflickr.com%2F500%2F500%2Fcats%3Flock%3D7073881248497664&w=828&q=75 2x"
                  style="color: transparent;"
                  width="384"
                />
              </a>
            </div>
          </div>
          <div
            class="absolute bottom-5 left-1/2 flex -translate-x-1/2 space-x-3"
          >
            <button
              class="h-3 w-3 rounded-full bg-white dark:bg-gray-800"
              data-testid="carousel-indicator"
            />
            <button
              class="h-3 w-3 rounded-full bg-white/50 hover:bg-white dark:bg-gray-800/50 dark:hover:bg-gray-800"
              data-testid="carousel-indicator"
            />
          </div>
          <div
            class="absolute top-0 left-0 flex h-full items-center justify-center px-4 focus:outline-none"
          >
            <button
              class="group"
              data-testid="carousel-left-control"
              type="button"
            >
              <span
                class="inline-flex h-8 w-8 items-center justify-center rounded-full bg-white/30 group-hover:bg-white/50 group-focus:outline-none group-focus:ring-4 group-focus:ring-white dark:bg-gray-800/30 dark:group-hover:bg-gray-800/60 dark:group-focus:ring-gray-800/70 sm:h-10 sm:w-10"
              >
                <svg
                  aria-hidden="true"
                  class="h-5 w-5 text-white dark:text-gray-800 sm:h-6 sm:w-6"
                  fill="none"
                  height="1em"
                  stroke="currentColor"
                  stroke-width="2"
                  viewBox="0 0 24 24"
                  width="1em"
                  xmlns="http://www.w3.org/2000/svg"
                >
                  <path
                    d="M15 19l-7-7 7-7"
                    stroke-linecap="round"
                    stroke-linejoin="round"
                  />
                </svg>
              </span>
            </button>
          </div>
          <div
            class="absolute top-0 right-0 flex h-full items-center justify-center px-4 focus:outline-none"
          >
            <button
              class="group"
              data-testid="carousel-right-control"
              type="button"
            >
              <span
                class="inline-flex h-8 w-8 items-center justify-center rounded-full bg-white/30 group-hover:bg-white/50 group-focus:outline-none group-focus:ring-4 group-focus:ring-white dark:bg-gray-800/30 dark:group-hover:bg-gray-800/60 dark:group-focus:ring-gray-800/70 sm:h-10 sm:w-10"
              >
                <svg
                  aria-hidden="true"
                  class="h-5 w-5 text-white dark:text-gray-800 sm:h-6 sm:w-6"
                  fill="none"
                  height="1em"
                  stroke="currentColor"
                  stroke-width="2"
                  viewBox="0 0 24 24"
                  width="1em"
                  xmlns="http://www.w3.org/2000/svg"
                >
                  <path
                    d="M9 5l7 7-7 7"
                    stroke-linecap="round"
                    stroke-linejoin="round"
                  />
                </svg>
              </span>
            </button>
          </div>
        </div>
      </div>
      <div
        class="p-3 antialiased sm:p-4"
      >
        <div
          class="flex items-baseline justify-between text-gray-300"
        >
          <h3
            class="text-sm uppercase tracking-wide"
          >
            xl
          </h3>
          <span
            class="inline-flex items-center px-1 text-xs"
          >
            <span
              class="mr-1 flex-1 whitespace-nowrap"
            >
              2 days ago
            </span>
            <svg
              aria-hidden="true"
              class="h-3 w-3"
              fill="none"
              height="1em"
              stroke="currentColor"
              stroke-width="1.5"
              viewBox="0 0 24 24"
              width="1em"
              xmlns="http://www.w3.org/2000/svg"
            >
              <path
                d="M12 6v6h4.5m4.5 0a9 9 0 11-18 0 9 9 0 0118 0z"
                stroke-linecap="round"
                stroke-linejoin="round"
              />
            </svg>
          </span>
        </div>
        <a
          href="post/1"
        >
          <h2
            class="w-64 truncate pt-1 text-xl font-bold tracking-tight"
          >
            Intelligent Cotton Soap
          </h2>
        </a>
        <div
          class="flex items-center justify-between"
        >
          <span
            class="text-xl font-bold"
          >
            Â£
            4377
          </span>
          <span
            class="flex items-center text-sm font-normal text-gray-400"
          >
            <div
              class="h-2.5 shadow animate-pulse rounded-full bg-gray-700 w-24 "
              role="status"
            />
            <svg
              aria-hidden="true"
              class="ml-1 h-4 w-4"
              fill="none"
              height="1em"
              stroke="currentColor"
              stroke-width="1.5"
              viewBox="0 0 24 24"
              width="1em"
              xmlns="http://www.w3.org/2000/svg"
            >
              <path
                d="M15 10.5a3 3 0 11-6 0 3 3 0 016 0z"
                stroke-linecap="round"
                stroke-linejoin="round"
              />
              <path
                d="M19.5 10.5c0 7.142-7.5 11.25-7.5 11.25S4.5 17.642 4.5 10.5a7.5 7.5 0 1115 0z"
                stroke-linecap="round"
                stroke-linejoin="round"
              />
            </svg>
          </span>
        </div>
      </div>
    </article>
    <article
      class="max-w-sm overflow-hidden rounded-lg bg-gray-800"
    >
      <div>
        <div
          class="relative h-full w-full"
          data-testid="carousel"
        >
          <div
            class="flex h-full snap-mandatory overflow-y-hidden overflow-x-scroll scroll-smooth rounded-lg snap-x indiana-scroll-container indiana-scroll-container--hide-scrollbars"
          >
            <div
              class="w-full flex-shrink-0 transform cursor-grab snap-center"
              data-active="true"
              data-testid="carousel-item"
            >
              <a
                href="post/2"
              >
                <img
                  alt="Recycled Granite Car Image 1"
                  data-nimg="1"
                  decoding="async"
                  height="384"
                  loading="lazy"
                  src="/_next/image?url=https%3A%2F%2Floremflickr.com%2F500%2F500%2Fcats%3Flock%3D4958870849978368&w=828&q=75"
                  srcset="/_next/image?url=https%3A%2F%2Floremflickr.com%2F500%2F500%2Fcats%3Flock%3D4958870849978368&w=384&q=75 1x, /_next/image?url=https%3A%2F%2Floremflickr.com%2F500%2F500%2Fcats%3Flock%3D4958870849978368&w=828&q=75 2x"
                  style="color: transparent;"
                  width="384"
                />
              </a>
            </div>
            <div
              class="w-full flex-shrink-0 transform cursor-grab snap-center"
              data-active="false"
              data-testid="carousel-item"
            >
              <a
                href="post/2"
              >
                <img
                  alt="Recycled Granite Car Image 2"
                  data-nimg="1"
                  decoding="async"
                  height="384"
                  loading="lazy"
                  src="/_next/image?url=https%3A%2F%2Floremflickr.com%2F500%2F500%2Fcats%3Flock%3D4673524398555136&w=828&q=75"
                  srcset="/_next/image?url=https%3A%2F%2Floremflickr.com%2F500%2F500%2Fcats%3Flock%3D4673524398555136&w=384&q=75 1x, /_next/image?url=https%3A%2F%2Floremflickr.com%2F500%2F500%2Fcats%3Flock%3D4673524398555136&w=828&q=75 2x"
                  style="color: transparent;"
                  width="384"
                />
              </a>
            </div>
          </div>
          <div
            class="absolute bottom-5 left-1/2 flex -translate-x-1/2 space-x-3"
          >
            <button
              class="h-3 w-3 rounded-full bg-white dark:bg-gray-800"
              data-testid="carousel-indicator"
            />
            <button
              class="h-3 w-3 rounded-full bg-white/50 hover:bg-white dark:bg-gray-800/50 dark:hover:bg-gray-800"
              data-testid="carousel-indicator"
            />
          </div>
          <div
            class="absolute top-0 left-0 flex h-full items-center justify-center px-4 focus:outline-none"
          >
            <button
              class="group"
              data-testid="carousel-left-control"
              type="button"
            >
              <span
                class="inline-flex h-8 w-8 items-center justify-center rounded-full bg-white/30 group-hover:bg-white/50 group-focus:outline-none group-focus:ring-4 group-focus:ring-white dark:bg-gray-800/30 dark:group-hover:bg-gray-800/60 dark:group-focus:ring-gray-800/70 sm:h-10 sm:w-10"
              >
                <svg
                  aria-hidden="true"
                  class="h-5 w-5 text-white dark:text-gray-800 sm:h-6 sm:w-6"
                  fill="none"
                  height="1em"
                  stroke="currentColor"
                  stroke-width="2"
                  viewBox="0 0 24 24"
                  width="1em"
                  xmlns="http://www.w3.org/2000/svg"
                >
                  <path
                    d="M15 19l-7-7 7-7"
                    stroke-linecap="round"
                    stroke-linejoin="round"
                  />
                </svg>
              </span>
            </button>
          </div>
          <div
            class="absolute top-0 right-0 flex h-full items-center justify-center px-4 focus:outline-none"
          >
            <button
              class="group"
              data-testid="carousel-right-control"
              type="button"
            >
              <span
                class="inline-flex h-8 w-8 items-center justify-center rounded-full bg-white/30 group-hover:bg-white/50 group-focus:outline-none group-focus:ring-4 group-focus:ring-white dark:bg-gray-800/30 dark:group-hover:bg-gray-800/60 dark:group-focus:ring-gray-800/70 sm:h-10 sm:w-10"
              >
                <svg
                  aria-hidden="true"
                  class="h-5 w-5 text-white dark:text-gray-800 sm:h-6 sm:w-6"
                  fill="none"
                  height="1em"
                  stroke="currentColor"
                  stroke-width="2"
                  viewBox="0 0 24 24"
                  width="1em"
                  xmlns="http://www.w3.org/2000/svg"
                >
                  <path
                    d="M9 5l7 7-7 7"
                    stroke-linecap="round"
                    stroke-linejoin="round"
                  />
                </svg>
              </span>
            </button>
          </div>
        </div>
      </div>
      <div
        class="p-3 antialiased sm:p-4"
      >
        <div
          class="flex items-baseline justify-between text-gray-300"
        >
          <h3
            class="text-sm uppercase tracking-wide"
          >
            large
          </h3>
          <span
            class="inline-flex items-center px-1 text-xs"
          >
            <span
              class="mr-1 flex-1 whitespace-nowrap"
            >
              21 hours ago
            </span>
            <svg
              aria-hidden="true"
              class="h-3 w-3"
              fill="none"
              height="1em"
              stroke="currentColor"
              stroke-width="1.5"
              viewBox="0 0 24 24"
              width="1em"
              xmlns="http://www.w3.org/2000/svg"
            >
              <path
                d="M12 6v6h4.5m4.5 0a9 9 0 11-18 0 9 9 0 0118 0z"
                stroke-linecap="round"
                stroke-linejoin="round"
              />
            </svg>
          </span>
        </div>
        <a
          href="post/2"
        >
          <h2
            class="w-64 truncate pt-1 text-xl font-bold tracking-tight"
          >
            Recycled Granite Car
          </h2>
        </a>
        <div
          class="flex items-center justify-between"
        >
          <span
            class="text-xl font-bold"
          >
            Â£
            3662
          </span>
          <span
            class="flex items-center text-sm font-normal text-gray-400"
          >
            <div
              class="h-2.5 shadow animate-pulse rounded-full bg-gray-700 w-24 "
              role="status"
            />
            <svg
              aria-hidden="true"
              class="ml-1 h-4 w-4"
              fill="none"
              height="1em"
              stroke="currentColor"
              stroke-width="1.5"
              viewBox="0 0 24 24"
              width="1em"
              xmlns="http://www.w3.org/2000/svg"
            >
              <path
                d="M15 10.5a3 3 0 11-6 0 3 3 0 016 0z"
                stroke-linecap="round"
                stroke-linejoin="round"
              />
              <path
                d="M19.5 10.5c0 7.142-7.5 11.25-7.5 11.25S4.5 17.642 4.5 10.5a7.5 7.5 0 1115 0z"
                stroke-linecap="round"
                stroke-linejoin="round"
              />
            </svg>
          </span>
        </div>
      </div>
    </article>
  </div>
</div>
`;
